// Jest Snapshot v1, https://goo.gl/fbAQLP

exports[`should render CurrencyHeader correctly 1`] = `
<section
  className="currency app__currency"
>
  <div
    className="currency-div currency__container"
  >
    <h3
      className="currency-div__euro-h3"
    >
      1 EURO = 
      unknown value of
       PLN
    </h3>
    <input
      className="currency-div__input"
      onChange={[Function]}
      placeholder="enter the EURO exchange rate to PLN"
      type="text"
    />
    <p
      className="currency-div__mess"
    >
      Remember to not type "
      <span
        className="span currency-div__span--big-char"
      >
        ,
      </span>
      " use "
      <span
        className="span currency-div__span--big-char"
      >
        .
      </span>
      " instead!
    </p>
    <p
      className="currency-div__mess"
    >
      Use only numbers!
    </p>
  </div>
</section>
`;
